// Jest Snapshot v1, https://goo.gl/fbAQLP

exports[`>>> Textarea --- Snapshot +++capturing Snapshot of Textarea 1`] = `
<form
  onSubmit={[Function]}
>
  <div
    className="dp-pc_field"
  >
    <textarea
      errors={Object {}}
      name="textarea"
      onBlur={[Function]}
      onChange={[Function]}
      touched={Object {}}
      value="Test textarea"
    />
  </div>
</form>
`;
