// Jest Snapshot v1, https://goo.gl/fbAQLP

exports[`>>> Number --- Snapshot +++capturing Snapshot of Number 1`] = `
<form
  onSubmit={[Function]}
>
  <div
    className="dp-pc_field"
  >
    <input
      errors={Object {}}
      name="number"
      onBlur={[Function]}
      onChange={[Function]}
      touched={Object {}}
      type="number"
      value={6}
    />
  </div>
</form>
`;
