// Jest Snapshot v1, https://goo.gl/fbAQLP

exports[`>>> Search --- Snapshot +++capturing Snapshot of Search 1`] = `
<form
  onSubmit={[Function]}
>
  <div
    className="dp-pc_field"
  >
    <input
      errors={Object {}}
      name="search"
      onBlur={[Function]}
      onChange={[Function]}
      touched={Object {}}
      type="search"
      value="Test search"
    />
  </div>
</form>
`;
