// Jest Snapshot v1, https://goo.gl/fbAQLP

exports[`>>> Email --- Snapshot +++capturing Snapshot of Email 1`] = `
<form
  onSubmit={[Function]}
>
  <div
    className="dp-pc_field"
  >
    <input
      errors={Object {}}
      name="email"
      onBlur={[Function]}
      onChange={[Function]}
      touched={Object {}}
      type="email"
      value="test@deskpro.com"
    />
  </div>
</form>
`;
