// Jest Snapshot v1, https://goo.gl/fbAQLP

exports[`>>> Tel --- Snapshot +++capturing Snapshot of Tel 1`] = `
<form
  className="dp-pc_form"
  onSubmit={[Function]}
>
  <div
    className="dp-pc_field"
  >
    <input
      className="dp-pc_input"
      description=""
      id={null}
      label=""
      name="tel"
      onBlur={[Function]}
      onChange={[Function]}
      type="tel"
      value="0123456789"
    />
    <span
      className="indicator"
    />
    <span
      className="dp-pc_description"
    >
      
    </span>
    <label
      className="dp-pc_label"
      htmlFor="field_1"
    >
      
    </label>
  </div>
</form>
`;
