// Jest Snapshot v1, https://goo.gl/fbAQLP

exports[`>>> Text --- Snapshot +++capturing Snapshot of Text 1`] = `
<form
  className="dp-pc_form"
  onSubmit={[Function]}
>
  <div
    className="dp-pc_field"
  >
    <input
      id="field_1"
      label=""
      name="text"
      onBlur={[Function]}
      onChange={[Function]}
      type="text"
      value="Test text"
    />
    <span
      className="indicator"
    />
    <span
      className="divider"
    />
    <label
      htmlFor="field_1"
    >
      
    </label>
  </div>
</form>
`;
