// Jest Snapshot v1, https://goo.gl/fbAQLP

exports[`>>> Text --- Snapshot +++capturing Snapshot of Text 1`] = `
<form
  onSubmit={[Function]}
>
  <div
    className="dp-pc_field"
  >
    <input
      errors={Object {}}
      name="text"
      onBlur={[Function]}
      onChange={[Function]}
      touched={Object {}}
      type="text"
      value="Test text"
    />
  </div>
</form>
`;
