// Jest Snapshot v1, https://goo.gl/fbAQLP

exports[`>>> DatePicker --- Snapshot +++capturing Snapshot of DatePicker 1`] = `
<form
  className="dp-pc_form show-hover"
  onSubmit={[Function]}
>
  <div
    className="dp-pc_field dp-pc_empty"
  >
    <div
      className="dp-pc_date-picker"
    >
      <span
        className="SVGInline"
        dangerouslySetInnerHTML={
          Object {
            "__html": "calendar.svg",
          }
        }
      />
      <div>
        <div
          className="react-datepicker-wrapper"
        >
          <div
            className="react-datepicker__input-container"
          >
            <input
              autoComplete={undefined}
              autoFocus={undefined}
              className="dp-pc_date-picker_input"
              disabled={false}
              id={null}
              name="date"
              onBlur={[Function]}
              onChange={[Function]}
              onClick={[Function]}
              onFocus={[Function]}
              onKeyDown={[Function]}
              placeholder={undefined}
              readOnly={undefined}
              required={undefined}
              tabIndex={undefined}
              title={undefined}
              type="text"
              value=""
            />
          </div>
        </div>
      </div>
    </div>
    <span
      className="indicator"
    />
    <span
      className="dp-pc_description"
    >
      
    </span>
    <label
      className="dp-pc_label dp-pc_date-picker_label"
      htmlFor="field_1"
    >
      
    </label>
  </div>
</form>
`;
