// Jest Snapshot v1, https://goo.gl/fbAQLP

exports[`>>> Url --- Snapshot +++capturing Snapshot of Url 1`] = `
<form
  className="dp-pc_form"
  onSubmit={[Function]}
>
  <div
    className="dp-pc_field"
  >
    <input
      className="dp-pc_input"
      id="field_1"
      label=""
      name="url"
      onBlur={[Function]}
      onChange={[Function]}
      type="url"
      value="www.deskpro.com"
    />
    <span
      className="indicator"
    />
    <label
      className="dp-pc_label"
      htmlFor="field_1"
    >
      
    </label>
  </div>
</form>
`;
