// Jest Snapshot v1, https://goo.gl/fbAQLP

exports[`>>> Textarea --- Snapshot +++capturing Snapshot of Textarea 1`] = `
<form
  className="dp-pc_form"
  onSubmit={[Function]}
>
  <div
    className="dp-pc_field"
  >
    <textarea
      id={null}
      label=""
      name="textarea"
      onBlur={[Function]}
      onChange={[Function]}
      value="Test textarea"
    />
    <span
      className="indicator"
    />
    <span
      className="divider"
    />
    <label
      htmlFor="field_1"
    >
      
    </label>
  </div>
</form>
`;
