// Jest Snapshot v1, https://goo.gl/fbAQLP

exports[`>>> DropDown --- Snapshot +++capturing Snapshot of DropDown 1`] = `
<form
  className="dp-pc_form"
  onSubmit={[Function]}
>
  <div
    className="dp-pc_field"
  >
    <div
      className="Select has-value is-clearable is-searchable Select--single"
      style={undefined}
    >
      <input
        disabled={false}
        name="dropDown"
        type="hidden"
        value="first"
      />
      <div
        className="Select-control"
        onKeyDown={[Function]}
        onMouseDown={[Function]}
        onTouchEnd={[Function]}
        onTouchMove={[Function]}
        onTouchStart={[Function]}
        style={undefined}
      >
        <span
          className="Select-multi-value-wrapper"
          id="react-select-2--value"
        >
          <div
            className="Select-value"
            style={undefined}
            title={undefined}
          >
            <span
              aria-selected="true"
              className="Select-value-label"
              id="react-select-2--value-item"
              role="option"
            >
              First
            </span>
          </div>
          <div
            className="Select-input"
            style={
              Object {
                "display": "inline-block",
              }
            }
          >
            <input
              aria-activedescendant="react-select-2--value"
              aria-describedby={undefined}
              aria-expanded="false"
              aria-haspopup="false"
              aria-label={undefined}
              aria-labelledby={undefined}
              aria-owns=""
              className={undefined}
              id={undefined}
              onBlur={[Function]}
              onChange={[Function]}
              onFocus={[Function]}
              required={false}
              role="combobox"
              style={
                Object {
                  "boxSizing": "content-box",
                  "width": "5px",
                }
              }
              tabIndex={undefined}
              value=""
            />
            <div
              style={
                Object {
                  "height": 0,
                  "left": 0,
                  "overflow": "scroll",
                  "position": "absolute",
                  "top": 0,
                  "visibility": "hidden",
                  "whiteSpace": "pre",
                }
              }
            >
              
            </div>
          </div>
        </span>
        <span
          aria-label="Clear value"
          className="Select-clear-zone"
          onMouseDown={[Function]}
          onTouchEnd={[Function]}
          onTouchMove={[Function]}
          onTouchStart={[Function]}
          title="Clear value"
        >
          <span
            className="Select-clear"
            dangerouslySetInnerHTML={
              Object {
                "__html": "&times;",
              }
            }
          />
        </span>
        <span
          className="Select-arrow-zone"
          onMouseDown={[Function]}
        >
          <span
            className="Select-arrow"
            onMouseDown={[Function]}
          />
        </span>
      </div>
    </div>
    <span
      className="indicator"
    />
    <span
      className="dp-pc_description"
    >
      
    </span>
    <label
      className="dp-pc_label"
      htmlFor="field_1"
    >
      
    </label>
  </div>
</form>
`;
