// Jest Snapshot v1, https://goo.gl/fbAQLP

exports[`>>> DropDown --- Snapshot +++capturing Snapshot of DropDown 1`] = `
<form
  className="dp-pc_form show-hover"
  onReset={[Function]}
  onSubmit={[Function]}
>
  <div
    className="dp-pc_field"
  >
    <label
      className="dp-pc_label"
      htmlFor="field_1"
    />
    <div
      className="react-select css-2b097c-container"
      id={undefined}
      onKeyDown={[Function]}
    >
      <div
        className="react-select__control css-yk16xz-control"
        onMouseDown={[Function]}
        onTouchEnd={[Function]}
      >
        <div
          className="react-select__value-container react-select__value-container--has-value css-1hwfws3"
        >
          <div
            className="react-select__single-value css-1uccc91-singleValue"
          >
            First
          </div>
          <div
            className="css-b8ldur-Input"
          >
            <div
              className="react-select__input"
              style={
                Object {
                  "display": "inline-block",
                }
              }
            >
              <input
                aria-autocomplete="list"
                aria-label={undefined}
                aria-labelledby={undefined}
                autoCapitalize="none"
                autoComplete="off"
                autoCorrect="off"
                className={undefined}
                disabled={false}
                id="react-select-2-input"
                onBlur={[Function]}
                onChange={[Function]}
                onFocus={[Function]}
                spellCheck="false"
                style={
                  Object {
                    "background": 0,
                    "border": 0,
                    "boxSizing": "content-box",
                    "color": "inherit",
                    "fontSize": "inherit",
                    "label": "input",
                    "opacity": 1,
                    "outline": 0,
                    "padding": 0,
                    "width": "1px",
                  }
                }
                tabIndex="0"
                type="text"
                value=""
              />
              <div
                style={
                  Object {
                    "height": 0,
                    "left": 0,
                    "overflow": "scroll",
                    "position": "absolute",
                    "top": 0,
                    "visibility": "hidden",
                    "whiteSpace": "pre",
                  }
                }
              >
                
              </div>
            </div>
          </div>
        </div>
        <div
          className="react-select__indicators css-1hb7zxy-IndicatorsContainer"
        >
          <span
            className="react-select__indicator-separator css-1okebmr-indicatorSeparator"
          />
          <div
            aria-hidden="true"
            className="react-select__indicator react-select__dropdown-indicator css-tlfecz-indicatorContainer"
            onMouseDown={[Function]}
            onTouchEnd={[Function]}
          >
            <span
              className="dp-react-select__dropdown-indicator"
              onClick={[Function]}
              onKeyDown={[Function]}
            />
          </div>
        </div>
      </div>
      <input
        name="dropDown"
        type="hidden"
        value="first"
      />
    </div>
  </div>
</form>
`;
