// Jest Snapshot v1, https://goo.gl/fbAQLP

exports[`>>> Url --- Snapshot +++capturing Snapshot of Url 1`] = `
<form
  className="dp-pc_form show-hover"
  onReset={[Function]}
  onSubmit={[Function]}
>
  <div
    className="dp-pc_field"
  >
    <label
      className="dp-pc_label"
      htmlFor="field_1"
    >
      
    </label>
    <input
      className="dp-pc_input"
      id="field_1"
      name="url"
      onBlur={[Function]}
      onChange={[Function]}
      required={false}
      type="url"
      value="www.deskpro.com"
    />
  </div>
</form>
`;
