// Jest Snapshot v1, https://goo.gl/fbAQLP

exports[`>>> Email --- Snapshot +++capturing Snapshot of Email 1`] = `
<form
  className="dp-pc_form show-hover"
  onReset={[Function]}
  onSubmit={[Function]}
>
  <div
    className="dp-pc_field"
  >
    <input
      className="dp-pc_input"
      description=""
      id={null}
      label=""
      name="email"
      onBlur={[Function]}
      onChange={[Function]}
      type="email"
      value="test@deskpro.com"
    />
    <span
      className="indicator"
    />
    <label
      className="dp-pc_label"
      htmlFor="field_1"
    >
      
    </label>
    <div
      className="divider"
    />
  </div>
</form>
`;
