// Jest Snapshot v1, https://goo.gl/fbAQLP

exports[`>>> Search --- Snapshot +++capturing Snapshot of Search 1`] = `
<form
  className="dp-pc_form show-hover"
  onReset={[Function]}
  onSubmit={[Function]}
>
  <div
    className="dp-pc_field"
  >
    <label
      className="dp-pc_label"
      htmlFor="field_1"
    >
      
    </label>
    <input
      className="dp-pc_input"
      id="field_1"
      name="search"
      onBlur={[Function]}
      onChange={[Function]}
      required={false}
      type="search"
      value="Test search"
    />
  </div>
</form>
`;
