// Jest Snapshot v1, https://goo.gl/fbAQLP

exports[`>>> Tel --- Snapshot +++capturing Snapshot of Tel 1`] = `
<form
  className="dp-pc_form show-hover"
  onReset={[Function]}
  onSubmit={[Function]}
>
  <div
    className="dp-pc_field"
  >
    <label
      className="dp-pc_label"
      htmlFor="field_1"
    >
      
    </label>
    <input
      className="dp-pc_input"
      excludeCountries={Array []}
      id="field_1"
      name="tel"
      onBlur={[Function]}
      onChange={[Function]}
      onlyCountries={Array []}
      placeholder="1234 123456"
      preferredCountries={
        Array [
          "us",
          "gb",
        ]
      }
      required={false}
      type="tel"
      value="0123456789"
      withIndicator={false}
    />
  </div>
</form>
`;
