// Jest Snapshot v1, https://goo.gl/fbAQLP

exports[`>>> Password --- Snapshot +++capturing Snapshot of Password 1`] = `
<form
  className="dp-pc_form show-hover"
  onReset={[Function]}
  onSubmit={[Function]}
>
  <div
    className="dp-pc_field"
  >
    <input
      className="dp-pc_input"
      description=""
      id={null}
      label=""
      name="password"
      onBlur={[Function]}
      onChange={[Function]}
      type="password"
      value="password1234"
    />
    <span
      className="indicator"
    />
    <label
      className="dp-pc_label"
      htmlFor="field_1"
    >
      
    </label>
    <div
      className="divider"
    />
  </div>
</form>
`;
